// Jest Snapshot v1, https://goo.gl/fbAQLP

exports[`renders correctly 1`] = `
<div>
  <div
    className="filter"
  >
    <span
      className="filter-category"
    >
      Brands
    </span>
    <div
      className="filter-option"
    >
      <input
        checked={undefined}
        onChange={[Function]}
        type="checkbox"
      />
      <span
        className="filter-option-label"
      >
        Mangolia
      </span>
    </div>
    <div
      className="filter-option"
    >
      <input
        checked={undefined}
        onChange={[Function]}
        type="checkbox"
      />
      <span
        className="filter-option-label"
      >
        Meiji
      </span>
    </div>
  </div>
  <div
    className="filter"
  >
    <span
      className="filter-category"
    >
      Price
    </span>
    <div
      className="filter-option"
    >
      <input
        checked={undefined}
        onChange={[Function]}
        type="checkbox"
      />
      <span
        className="filter-option-label"
      >
        0-5
      </span>
    </div>
    <div
      className="filter-option"
    >
      <input
        checked={undefined}
        onChange={[Function]}
        type="checkbox"
      />
      <span
        className="filter-option-label"
      >
        5-10
      </span>
    </div>
  </div>
</div>
`;
